Traceback (most recent call last):
  File "D:\SunEdge\CRM\CRM-\backend\test_import.py", line 4, in <module>
    from app.main import app
  File "D:\SunEdge\CRM\CRM-\backend\app\main.py", line 3, in <module>
    from app.routers import auth, users, leads, tasks, clients, admin, manager, follow_ups, md, purchase, ledgers, leaves, platform, invoices
  File "D:\SunEdge\CRM\CRM-\backend\app\routers\auth.py", line 10, in <module>
    from app.database import get_db
  File "D:\SunEdge\CRM\CRM-\backend\app\database.py", line 3, in <module>
    from app.config import settings
  File "D:\SunEdge\CRM\CRM-\backend\app\config.py", line 34, in <module>
    settings = Settings()
               ^^^^^^^^^^
  File "C:\Users\Hp\AppData\Local\Programs\Python\Python312\Lib\site-packages\pydantic_settings\main.py", line 188, in __init__
    super().__init__(
  File "C:\Users\Hp\AppData\Local\Programs\Python\Python312\Lib\site-packages\pydantic\main.py", line 250, in __init__
    validated_self = self.__pydantic_validator__.validate_python(data, self_instance=self)
                     ^^^^^^^^^^^^^^^^^^^^^^^^^^^^^^^^^^^^^^^^^^^^^^^^^^^^^^^^^^^^^^^^^^^^^
pydantic_core._pydantic_core.ValidationError: 3 validation errors for Settings
PORT
  Extra inputs are not permitted [type=extra_forbidden, input_value='5000', input_type=str]
    For further information visit https://errors.pydantic.dev/2.12/v/extra_forbidden
NODE_ENV
  Extra inputs are not permitted [type=extra_forbidden, input_value='development', input_type=str]
    For further information visit https://errors.pydantic.dev/2.12/v/extra_forbidden
JWT_SECRET
  Extra inputs are not permitted [type=extra_forbidden, input_value='your-super-secret-jwt-ke...ange-this-in-production', input_type=str]
    For further information visit https://errors.pydantic.dev/2.12/v/extra_forbidden
